Copyright 1986-2022 Xilinx, Inc. All Rights Reserved. Copyright 2022-2023 Advanced Micro Devices, Inc. All Rights Reserved.
---------------------------------------------------------------------------------------------------------------------------------------------
| Tool Version : Vivado v.2023.2 (lin64) Build 4029153 Fri Oct 13 20:13:54 MDT 2023
| Date         : Sun May 17 04:18:48 2026
| Host         : AlbertsUbuntu running 64-bit Ubuntu 22.04.5 LTS
| Command      : report_control_sets -verbose -file WRAPPER_TOP_control_sets_placed.rpt
| Design       : WRAPPER_TOP
| Device       : xcku5p
---------------------------------------------------------------------------------------------------------------------------------------------

Control Set Information

Table of Contents
-----------------
1. Summary
2. Histogram
3. Flip-Flop Distribution
4. Detailed Control Set Information

1. Summary
----------

+----------------------------------------------------------+-------+
|                          Status                          | Count |
+----------------------------------------------------------+-------+
| Total control sets                                       |    36 |
|    Minimum number of control sets                        |    36 |
|    Addition due to synthesis replication                 |     0 |
|    Addition due to physical synthesis replication        |     0 |
| Unused register locations in slices containing registers |    36 |
+----------------------------------------------------------+-------+
* Control sets can be merged at opt_design using control_set_merge or merge_equivalent_drivers
** Run report_qor_suggestions for automated merging and remapping suggestions


2. Histogram
------------

+--------------------+-------+
|       Fanout       | Count |
+--------------------+-------+
| Total control sets |    36 |
| >= 0 to < 4        |     9 |
| >= 4 to < 6        |     2 |
| >= 6 to < 8        |     0 |
| >= 8 to < 10       |     4 |
| >= 10 to < 12      |     0 |
| >= 12 to < 14      |     0 |
| >= 14 to < 16      |     2 |
| >= 16              |    19 |
+--------------------+-------+
* Control sets can be remapped at either synth_design or opt_design


3. Flip-Flop Distribution
-------------------------

+--------------+-----------------------+------------------------+-----------------+--------------+
| Clock Enable | Synchronous Set/Reset | Asynchronous Set/Reset | Total Registers | Total Slices |
+--------------+-----------------------+------------------------+-----------------+--------------+
| No           | No                    | No                     |              14 |            9 |
| No           | No                    | Yes                    |               0 |            0 |
| No           | Yes                   | No                     |              30 |           15 |
| Yes          | No                    | No                     |            1642 |          318 |
| Yes          | No                    | Yes                    |               0 |            0 |
| Yes          | Yes                   | No                     |              90 |           22 |
+--------------+-----------------------+------------------------+-----------------+--------------+


4. Detailed Control Set Information
-----------------------------------

+----------------+--------------------------------------------------------------------------------------------------------------------------------------------------------------------------------------------------+--------------------------------------------------------------------------------------------------------------------------------------------------------------------------------------------------------------------------------------------------------------------------------------------------------------+------------------+----------------+--------------+
|  Clock Signal  |                                                                                           Enable Signal                                                                                          |                                                                                                                                               Set/Reset Signal                                                                                                                                               | Slice Load Count | Bel Load Count | Bels / Slice |
+----------------+--------------------------------------------------------------------------------------------------------------------------------------------------------------------------------------------------+--------------------------------------------------------------------------------------------------------------------------------------------------------------------------------------------------------------------------------------------------------------------------------------------------------------+------------------+----------------+--------------+
|  clk_IBUF_BUFG | cnn_core_inst/relu_array_ap_fixed_28u_array_ap_fixed_16_6_5_3_0_28u_relu_config4_U0/flow_control_loop_pipe_U/full_n_reg[0]                                                                       | rst_n_IBUF_inst/O                                                                                                                                                                                                                                                                                            |                1 |              2 |         2.00 |
|  clk_IBUF_BUFG | cnn_core_inst/maxpool2d_wide_nonoverlap_cl_array_array_ap_fixed_28u_config5_U0/flow_control_loop_pipe_U/start_once_reg_reg[0]                                                                    | rst_n_IBUF_inst/O                                                                                                                                                                                                                                                                                            |                1 |              2 |         2.00 |
|  clk_IBUF_BUFG | cnn_core_inst/start_for_dense_wide_stream_array_array_ap_fixed_9_5_5_3_0_1u_config7_U0_U/mOutPtr[1]_i_1__0_n_11                                                                                  | rst_n_IBUF_inst/O                                                                                                                                                                                                                                                                                            |                1 |              2 |         2.00 |
|  clk_IBUF_BUFG | cnn_core_inst/relu_array_ap_fixed_28u_array_ap_fixed_16_6_5_3_0_28u_relu_config4_U0/flow_control_loop_pipe_U/i_fu_220                                                                            |                                                                                                                                                                                                                                                                                                              |                2 |              3 |         1.50 |
|  clk_IBUF_BUFG | cnn_core_inst/maxpool2d_wide_nonoverlap_cl_array_array_ap_fixed_28u_config5_U0/E[0]                                                                                                              | rst_n_IBUF_inst/O                                                                                                                                                                                                                                                                                            |                1 |              3 |         3.00 |
|  clk_IBUF_BUFG | cnn_core_inst/relu_array_ap_fixed_28u_array_ap_fixed_16_6_5_3_0_28u_relu_config4_U0/E[0]                                                                                                         | rst_n_IBUF_inst/O                                                                                                                                                                                                                                                                                            |                1 |              3 |         3.00 |
|  clk_IBUF_BUFG | cnn_core_inst/maxpool2d_wide_nonoverlap_cl_array_array_ap_fixed_28u_config5_U0/flow_control_loop_pipe_U/i_ih_fu_160                                                                              |                                                                                                                                                                                                                                                                                                              |                2 |              3 |         1.50 |
|  clk_IBUF_BUFG | cnn_core_inst/dense_wide_stream_array_array_ap_fixed_9_5_5_3_0_1u_config7_U0/grp_dense_wide_stream_array_array_ap_fixed_1u_config7_Pipeline_DenseWideMain_fu_53/mul_16s_6s_20_1_1_U50/CEB2       | rst_n_IBUF_inst/O                                                                                                                                                                                                                                                                                            |                2 |              3 |         1.50 |
|  clk_IBUF_BUFG | cnn_core_inst/dense_wide_stream_array_array_ap_fixed_9_5_5_3_0_1u_config7_U0/grp_dense_wide_stream_array_array_ap_fixed_1u_config7_Pipeline_DenseWideMain_fu_53/empty_n_reg[0]                   | rst_n_IBUF_inst/O                                                                                                                                                                                                                                                                                            |                1 |              3 |         3.00 |
|  clk_IBUF_BUFG | cnn_core_inst/maxpool2d_wide_nonoverlap_cl_array_array_ap_fixed_28u_config5_U0/flow_control_loop_pipe_U/i_ih_fu_160                                                                              | cnn_core_inst/maxpool2d_wide_nonoverlap_cl_array_array_ap_fixed_28u_config5_U0/flow_control_loop_pipe_U/ap_loop_init_reg_0                                                                                                                                                                                   |                2 |              4 |         2.00 |
|  clk_IBUF_BUFG | cnn_core_inst/relu_array_ap_fixed_28u_array_ap_fixed_16_6_5_3_0_28u_relu_config4_U0/flow_control_loop_pipe_U/i_fu_220                                                                            | cnn_core_inst/relu_array_ap_fixed_28u_array_ap_fixed_16_6_5_3_0_28u_relu_config4_U0/flow_control_loop_pipe_U/ap_loop_init_reg_0                                                                                                                                                                              |                2 |              4 |         2.00 |
|  clk_IBUF_BUFG | cnn_core_inst/dense_wide_stream_array_array_ap_fixed_9_5_5_3_0_1u_config7_U0/regslice_both_layer7_out_U/B_V_data_1_load_B                                                                        |                                                                                                                                                                                                                                                                                                              |                2 |              9 |         4.50 |
|  clk_IBUF_BUFG | cnn_core_inst/dense_wide_stream_array_array_ap_fixed_9_5_5_3_0_1u_config7_U0/grp_dense_wide_stream_array_array_ap_fixed_1u_config7_Pipeline_DenseWideMain_fu_53/sel                              | cnn_core_inst/dense_wide_stream_array_array_ap_fixed_9_5_5_3_0_1u_config7_U0/grp_dense_wide_stream_array_array_ap_fixed_1u_config7_Pipeline_DenseWideMain_fu_53/flow_control_loop_pipe_sequential_init_U/grp_dense_wide_stream_array_array_ap_fixed_1u_config7_Pipeline_DenseWideMain_fu_53_ap_start_reg_reg |                2 |              9 |         4.50 |
|  clk_IBUF_BUFG | cnn_core_inst/dense_wide_stream_array_array_ap_fixed_9_5_5_3_0_1u_config7_U0/grp_dense_wide_stream_array_array_ap_fixed_1u_config7_Pipeline_DenseWideMain_fu_53/icmp_ln110_reg_36955_reg[0]_0[0] |                                                                                                                                                                                                                                                                                                              |                1 |              9 |         9.00 |
|  clk_IBUF_BUFG | cnn_core_inst/dense_wide_stream_array_array_ap_fixed_9_5_5_3_0_1u_config7_U0/regslice_both_layer7_out_U/B_V_data_1_payload_A[8]_i_1_n_11                                                         |                                                                                                                                                                                                                                                                                                              |                2 |              9 |         4.50 |
|  clk_IBUF_BUFG |                                                                                                                                                                                                  |                                                                                                                                                                                                                                                                                                              |                9 |             14 |         1.56 |
|  clk_IBUF_BUFG | cnn_core_inst/dense_wide_stream_array_array_ap_fixed_9_5_5_3_0_1u_config7_U0/grp_dense_wide_stream_array_array_ap_fixed_1u_config7_Pipeline_DenseWideMain_fu_53/acc_fu_2598                      | cnn_core_inst/dense_wide_stream_array_array_ap_fixed_9_5_5_3_0_1u_config7_U0/grp_dense_wide_stream_array_array_ap_fixed_1u_config7_Pipeline_DenseWideMain_fu_53/flow_control_loop_pipe_sequential_init_U/grp_dense_wide_stream_array_array_ap_fixed_1u_config7_Pipeline_DenseWideMain_fu_53_ap_start_reg_reg |                2 |             15 |         7.50 |
|  clk_IBUF_BUFG |                                                                                                                                                                                                  | rst_n_IBUF_inst/O                                                                                                                                                                                                                                                                                            |               15 |             30 |         2.00 |
|  clk_IBUF_BUFG | cnn_core_inst/dense_wide_stream_array_array_ap_fixed_9_5_5_3_0_1u_config7_U0/grp_dense_wide_stream_array_array_ap_fixed_1u_config7_Pipeline_DenseWideMain_fu_53/mul_16s_6s_20_1_1_U50/CEB2       |                                                                                                                                                                                                                                                                                                              |               11 |             34 |         3.09 |
|  clk_IBUF_BUFG | cnn_core_inst/dense_wide_stream_array_array_ap_fixed_9_5_5_3_0_1u_config7_U0/grp_dense_wide_stream_array_array_ap_fixed_1u_config7_Pipeline_DenseWideMain_fu_53/i_width_fu_2606[0]_i_1_n_11      | cnn_core_inst/dense_wide_stream_array_array_ap_fixed_9_5_5_3_0_1u_config7_U0/grp_dense_wide_stream_array_array_ap_fixed_1u_config7_Pipeline_DenseWideMain_fu_53/flow_control_loop_pipe_sequential_init_U/grp_dense_wide_stream_array_array_ap_fixed_1u_config7_Pipeline_DenseWideMain_fu_53_ap_start_reg_reg |                6 |             40 |         6.67 |
|  clk_IBUF_BUFG | cnn_core_inst/first_conv_4lane_temporal_wide_cl_array_array_ap_fixed_28u_config3_U0/flow_control_loop_pipe_U/wptr_fu_142_reg[0]_0[0]                                                             |                                                                                                                                                                                                                                                                                                              |               45 |             48 |         1.07 |
|  clk_IBUF_BUFG | cnn_core_inst/first_conv_4lane_temporal_wide_cl_array_array_ap_fixed_28u_config3_U0/flow_control_loop_pipe_U/wptr_fu_142_reg[2][0]                                                               |                                                                                                                                                                                                                                                                                                              |               45 |             48 |         1.07 |
|  clk_IBUF_BUFG | cnn_core_inst/first_conv_4lane_temporal_wide_cl_array_array_ap_fixed_28u_config3_U0/flow_control_loop_pipe_U/wptr_fu_142_reg[2]_0[0]                                                             |                                                                                                                                                                                                                                                                                                              |               44 |             48 |         1.09 |
|  clk_IBUF_BUFG | cnn_core_inst/first_conv_4lane_temporal_wide_cl_array_array_ap_fixed_28u_config3_U0/regslice_both_input_layer_U/B_V_data_1_payload_A[59]_i_1_n_11                                                |                                                                                                                                                                                                                                                                                                              |               23 |             48 |         2.09 |
|  clk_IBUF_BUFG | cnn_core_inst/first_conv_4lane_temporal_wide_cl_array_array_ap_fixed_28u_config3_U0/regslice_both_input_layer_U/B_V_data_1_load_B                                                                |                                                                                                                                                                                                                                                                                                              |               22 |             48 |         2.18 |
|  clk_IBUF_BUFG | cnn_core_inst/first_conv_4lane_temporal_wide_cl_array_array_ap_fixed_28u_config3_U0/flow_control_loop_pipe_U/wptr_fu_142_reg[0]_1[0]                                                             |                                                                                                                                                                                                                                                                                                              |               46 |             48 |         1.04 |
|  clk_IBUF_BUFG | cnn_core_inst/first_conv_4lane_temporal_wide_cl_array_array_ap_fixed_28u_config3_U0/flow_control_loop_pipe_U/E[0]                                                                                |                                                                                                                                                                                                                                                                                                              |               44 |             48 |         1.09 |
|  clk_IBUF_BUFG | cnn_core_inst/first_conv_4lane_temporal_wide_cl_array_array_ap_fixed_28u_config3_U0/flow_control_loop_pipe_U/p_13_in                                                                             |                                                                                                                                                                                                                                                                                                              |               23 |             73 |         3.17 |
|  clk_IBUF_BUFG | cnn_core_inst/maxpool2d_wide_nonoverlap_cl_array_array_ap_fixed_28u_config5_U0/push                                                                                                              |                                                                                                                                                                                                                                                                                                              |               16 |            224 |        14.00 |
|  clk_IBUF_BUFG | cnn_core_inst/dense_wide_stream_array_array_ap_fixed_9_5_5_3_0_1u_config7_U0/grp_dense_wide_stream_array_array_ap_fixed_1u_config7_Pipeline_DenseWideMain_fu_53/E[0]                             |                                                                                                                                                                                                                                                                                                              |               16 |            224 |        14.00 |
|  clk_IBUF_BUFG | cnn_core_inst/relu_array_ap_fixed_28u_array_ap_fixed_16_6_5_3_0_28u_relu_config4_U0/push                                                                                                         |                                                                                                                                                                                                                                                                                                              |               14 |            224 |        16.00 |
|  clk_IBUF_BUFG | cnn_core_inst/maxpool2d_wide_nonoverlap_cl_array_array_ap_fixed_28u_config5_U0/empty_fu_1640                                                                                                     |                                                                                                                                                                                                                                                                                                              |               53 |            224 |         4.23 |
|  clk_IBUF_BUFG | cnn_core_inst/maxpool2d_wide_nonoverlap_cl_array_array_ap_fixed_28u_config5_U0/flow_control_loop_pipe_U/E[0]                                                                                     |                                                                                                                                                                                                                                                                                                              |               54 |            226 |         4.19 |
|  clk_IBUF_BUFG | cnn_core_inst/first_conv_4lane_temporal_wide_cl_array_array_ap_fixed_28u_config3_U0/regslice_both_input_layer_U/E[0]                                                                             |                                                                                                                                                                                                                                                                                                              |               63 |            240 |         3.81 |
|  clk_IBUF_BUFG | cnn_core_inst/first_conv_4lane_temporal_wide_cl_array_array_ap_fixed_28u_config3_U0/flow_control_loop_pipe_U/push                                                                                |                                                                                                                                                                                                                                                                                                              |               17 |            252 |        14.82 |
|  clk_IBUF_BUFG | cnn_core_inst/relu_array_ap_fixed_28u_array_ap_fixed_16_6_5_3_0_28u_relu_config4_U0/flow_control_loop_pipe_U/E[0]                                                                                |                                                                                                                                                                                                                                                                                                              |               47 |            252 |         5.36 |
+----------------+--------------------------------------------------------------------------------------------------------------------------------------------------------------------------------------------------+--------------------------------------------------------------------------------------------------------------------------------------------------------------------------------------------------------------------------------------------------------------------------------------------------------------+------------------+----------------+--------------+


