Copyright 1986-2022 Xilinx, Inc. All Rights Reserved. Copyright 2022-2023 Advanced Micro Devices, Inc. All Rights Reserved.
--------------------------------------------------------------------------------------------------------------------------------------------------
| Tool Version      : Vivado v.2023.2 (lin64) Build 4029153 Fri Oct 13 20:13:54 MDT 2023
| Date              : Wed Feb 11 18:18:46 2026
| Host              : AlbertsUbuntu running 64-bit Ubuntu 22.04.5 LTS
| Command           : report_clock_utilization -file WRAPPER_TOP_clock_utilization_routed.rpt
| Design            : WRAPPER_TOP
| Device            : xcku5p-ffvb676
| Speed File        : -2  PRODUCTION 1.29 05-01-2022
| Temperature Grade : E
| Design State      : Routed
--------------------------------------------------------------------------------------------------------------------------------------------------

Clock Utilization Report

Table of Contents
-----------------
1. Clock Primitive Utilization
2. Global Clock Resources
3. Global Clock Source Details
4. Clock Regions : Clock Primitives
5. Clock Regions : Load Primitives
6. Clock Regions : Global Clock Summary
7. Clock Regions : Routing Resource Utilization
8. Device Cell Placement Summary for Global Clock g0
9. Device Cell Placement Summary for Global Clock g1
10. Device Cell Placement Summary for Global Clock g2
11. Device Cell Placement Summary for Global Clock g3
12. Clock Region Cell Placement per Global Clock: Region X1Y0
13. Clock Region Cell Placement per Global Clock: Region X2Y0
14. Clock Region Cell Placement per Global Clock: Region X0Y1
15. Clock Region Cell Placement per Global Clock: Region X1Y1
16. Clock Region Cell Placement per Global Clock: Region X2Y1
17. Clock Region Cell Placement per Global Clock: Region X0Y2
18. Clock Region Cell Placement per Global Clock: Region X1Y2
19. Clock Region Cell Placement per Global Clock: Region X2Y2
20. Clock Region Cell Placement per Global Clock: Region X3Y2
21. Clock Region Cell Placement per Global Clock: Region X0Y3
22. Clock Region Cell Placement per Global Clock: Region X1Y3
23. Clock Region Cell Placement per Global Clock: Region X2Y3

1. Clock Primitive Utilization
------------------------------

+------------+------+-----------+-----+--------------+--------+
| Type       | Used | Available | LOC | Clock Region | Pblock |
+------------+------+-----------+-----+--------------+--------+
| BUFGCE     |    4 |       112 |   0 |            0 |      0 |
| BUFGCE_DIV |    0 |        16 |   0 |            0 |      0 |
| BUFGCTRL   |    0 |        32 |   0 |            0 |      0 |
| BUFG_GT    |    0 |        96 |   0 |            0 |      0 |
| MMCM       |    0 |         4 |   0 |            0 |      0 |
| PLL        |    0 |         8 |   0 |            0 |      0 |
+------------+------+-----------+-----+--------------+--------+


2. Global Clock Resources
-------------------------

+-----------+-----------+-----------------+------------+------------------+--------------+------+-------------------+------------------+-------------------+-------------+-----------------+--------------+---------+--------------------------------------------------------------------------------------------------------------------------------------------------+--------------------------------------------------------------------------------------------------------------------+
| Global Id | Source Id | Driver Type/Pin | Constraint | Site             | Clock Region | Root | Clock Delay Group | Clock Low Fanout | Load Clock Region | Clock Loads | Non-Clock Loads | Clock Period | Clock   | Driver Pin                                                                                                                                       | Net                                                                                                                |
+-----------+-----------+-----------------+------------+------------------+--------------+------+-------------------+------------------+-------------------+-------------+-----------------+--------------+---------+--------------------------------------------------------------------------------------------------------------------------------------------------+--------------------------------------------------------------------------------------------------------------------+
| g0        | src0      | BUFGCE/O        | None       | BUFGCE_HDIO_X0Y6 | X1Y3         | X1Y1 |                   |                  |                11 |       60298 |               0 |        8.000 | sys_clk | clk_IBUF_BUFG_inst/O                                                                                                                             | clk_IBUF_BUFGCE                                                                                                    |
| g1        | src1      | BUFGCE/O        | None       | BUFGCE_X0Y56     | X0Y2         | X0Y2 | n/a               |                  |                 6 |           0 |            3072 |          n/a | n/a     | cnn_core_0/inst/layer2_out_U/out_data_reg_14695[11]_i_1_bufg_place/O                                                                             | cnn_core_0/inst/layer2_out_U/E[0]                                                                                  |
| g2        | src2      | BUFGCE/O        | None       | BUFGCE_X0Y62     | X0Y2         | X0Y2 | n/a               |                  |                 5 |           0 |            3048 |          n/a | n/a     | cnn_core_0/inst/repack_stream_array_ap_fixed_256u_array_ap_fixed_12_6_5_3_0_1u_1024_U0/in_data16_U/trunc_ln250_254_reg_8782[11]_i_1_bufg_place/O | cnn_core_0/inst/repack_stream_array_ap_fixed_256u_array_ap_fixed_12_6_5_3_0_1u_1024_U0/in_data16_U/ap_block_state2 |
| g3        | src3      | BUFGCE/O        | None       | BUFGCE_X0Y50     | X0Y2         | X0Y2 | n/a               |                  |                 6 |           0 |            3099 |          n/a | n/a     | cnn_core_0/inst/repack_stream_array_ap_fixed_256u_array_ap_fixed_12_6_5_3_0_1u_1024_U0/raddr[1]_i_1_bufg_place/O                                 | cnn_core_0/inst/repack_stream_array_ap_fixed_256u_array_ap_fixed_12_6_5_3_0_1u_1024_U0/pop                         |
+-----------+-----------+-----------------+------------+------------------+--------------+------+-------------------+------------------+-------------------+-------------+-----------------+--------------+---------+--------------------------------------------------------------------------------------------------------------------------------------------------+--------------------------------------------------------------------------------------------------------------------+
* Clock Loads column represents cell count of net connects that connect to a clock pin. Internal cell leaf pins are not considered
** Non-Clock Loads column represents cell count of non-clock pin loads


3. Global Clock Source Details
------------------------------

+-----------+-----------+-----------------+------------+---------------+--------------+-------------+-----------------+---------------------+--------------+---------------------------------------------------------------------------------------------------------------------------------------+-------------------------------------------------------------------------------------------------------------------------------+
| Source Id | Global Id | Driver Type/Pin | Constraint | Site          | Clock Region | Clock Loads | Non-Clock Loads | Source Clock Period | Source Clock | Driver Pin                                                                                                                            | Net                                                                                                                           |
+-----------+-----------+-----------------+------------+---------------+--------------+-------------+-----------------+---------------------+--------------+---------------------------------------------------------------------------------------------------------------------------------------+-------------------------------------------------------------------------------------------------------------------------------+
| src0      | g0        | IBUFCTRL/O      | IOB_X1Y182 | IOB_X1Y182    | X1Y3         |           1 |               0 |               8.000 | sys_clk      | clk_IBUF_inst/IBUFCTRL_INST/O                                                                                                         | clk_IBUF_inst/O                                                                                                               |
| src1      | g1        | LUT2/O          | None       | SLICE_X36Y146 | X1Y2         |           1 |               0 |                     |              | cnn_core_0/inst/layer2_out_U/out_data_reg_14695[11]_i_1/O                                                                             | cnn_core_0/inst/layer2_out_U/E[0]_bufg_place                                                                                  |
| src2      | g2        | LUT5/O          | None       | SLICE_X37Y147 | X1Y2         |           1 |               7 |                     |              | cnn_core_0/inst/repack_stream_array_ap_fixed_256u_array_ap_fixed_12_6_5_3_0_1u_1024_U0/in_data16_U/trunc_ln250_254_reg_8782[11]_i_1/O | cnn_core_0/inst/repack_stream_array_ap_fixed_256u_array_ap_fixed_12_6_5_3_0_1u_1024_U0/in_data16_U/ap_block_state2_bufg_place |
| src3      | g3        | LUT6/O          | None       | SLICE_X37Y147 | X1Y2         |           1 |               1 |                     |              | cnn_core_0/inst/repack_stream_array_ap_fixed_256u_array_ap_fixed_12_6_5_3_0_1u_1024_U0/raddr[1]_i_1/O                                 | cnn_core_0/inst/repack_stream_array_ap_fixed_256u_array_ap_fixed_12_6_5_3_0_1u_1024_U0/pop_bufg_place                         |
+-----------+-----------+-----------------+------------+---------------+--------------+-------------+-----------------+---------------------+--------------+---------------------------------------------------------------------------------------------------------------------------------------+-------------------------------------------------------------------------------------------------------------------------------+
* Clock Loads column represents cell count of net connects that connect to a clock pin. Internal cell leaf pins are not considered
** Non-Clock Loads column represents cell count of non-clock pin loads


4. Clock Regions : Clock Primitives
-----------------------------------

+-------------------+---------------+---------------+---------------+---------------+---------------+---------------+---------------+
|                   |  Global Clock |     BUFGCE    |   BUFGCE_DIV  |    BUFGCTRL   |    BUFG_GT    |      MMCM     |      PLL      |
+-------------------+-------+-------+-------+-------+-------+-------+-------+-------+-------+-------+-------+-------+-------+-------+
| Clock Region Name | Used  | Avail | Used  | Avail | Used  | Avail | Used  | Avail | Used  | Avail | Used  | Avail | Used  | Avail |
+-------------------+-------+-------+-------+-------+-------+-------+-------+-------+-------+-------+-------+-------+-------+-------+
| X0Y0              |     0 |    24 |     0 |    24 |     0 |     4 |     0 |     8 |     0 |     0 |     0 |     1 |     0 |     2 |
| X1Y0              |     1 |    24 |     0 |     4 |     0 |     0 |     0 |     0 |     0 |     0 |     0 |     0 |     0 |     0 |
| X2Y0              |     1 |    24 |     0 |     0 |     0 |     0 |     0 |     0 |     0 |     0 |     0 |     0 |     0 |     0 |
| X3Y0              |     0 |    24 |     0 |     0 |     0 |     0 |     0 |     0 |     0 |    24 |     0 |     0 |     0 |     0 |
| X0Y1              |     4 |    24 |     0 |    24 |     0 |     4 |     0 |     8 |     0 |     0 |     0 |     1 |     0 |     2 |
| X1Y1              |     4 |    24 |     0 |     4 |     0 |     0 |     0 |     0 |     0 |     0 |     0 |     0 |     0 |     0 |
| X2Y1              |     1 |    24 |     0 |     0 |     0 |     0 |     0 |     0 |     0 |     0 |     0 |     0 |     0 |     0 |
| X3Y1              |     0 |    24 |     0 |     0 |     0 |     0 |     0 |     0 |     0 |    24 |     0 |     0 |     0 |     0 |
| X0Y2              |     4 |    24 |     3 |    24 |     0 |     4 |     0 |     8 |     0 |     0 |     0 |     1 |     0 |     2 |
| X1Y2              |     4 |    24 |     0 |     4 |     0 |     0 |     0 |     0 |     0 |     0 |     0 |     0 |     0 |     0 |
| X2Y2              |     1 |    24 |     0 |     0 |     0 |     0 |     0 |     0 |     0 |     0 |     0 |     0 |     0 |     0 |
| X3Y2              |     1 |    24 |     0 |     0 |     0 |     0 |     0 |     0 |     0 |    24 |     0 |     0 |     0 |     0 |
| X0Y3              |     4 |    24 |     0 |    24 |     0 |     4 |     0 |     8 |     0 |     0 |     0 |     1 |     0 |     2 |
| X1Y3              |     4 |    24 |     1 |     4 |     0 |     0 |     0 |     0 |     0 |     0 |     0 |     0 |     0 |     0 |
| X2Y3              |     1 |    24 |     0 |     0 |     0 |     0 |     0 |     0 |     0 |     0 |     0 |     0 |     0 |     0 |
| X3Y3              |     0 |    24 |     0 |     0 |     0 |     0 |     0 |     0 |     0 |    24 |     0 |     0 |     0 |     0 |
+-------------------+-------+-------+-------+-------+-------+-------+-------+-------+-------+-------+-------+-------+-------+-------+
* Global Clock column represents track count; while other columns represents cell counts


5. Clock Regions : Load Primitives
----------------------------------

+-------------------+------------------+------------------+------------------+------------------+------------------+------------------+------------------+------------------+
|                   |   Global Clock   |        FF        |      LUTRAM      |  Block RAM (18K) |       URAM       |        DSP       |        GT        |      HARD IP     |
+-------------------+--------+---------+--------+---------+--------+---------+--------+---------+--------+---------+--------+---------+--------+---------+--------+---------+
| Clock Region Name | Used   | Avail   | Used   | Avail   | Used   | Avail   | Used   | Avail   | Used   | Avail   | Used   | Avail   | Used   | Avail   | Used   | Avail   |
+-------------------+--------+---------+--------+---------+--------+---------+--------+---------+--------+---------+--------+---------+--------+---------+--------+---------+
| X0Y0              |      0 |      24 |      0 |   27840 |      0 |    5760 |      0 |      72 |      0 |       0 |      0 |     120 |      0 |       0 |      0 |       0 |
| X1Y0              |      1 |      24 |      0 |   25920 |      0 |    6240 |      0 |      48 |      0 |       0 |      0 |     120 |      0 |       0 |      0 |       0 |
| X2Y0              |      1 |      24 |     56 |   32640 |      0 |    6720 |      0 |      72 |      0 |      16 |      0 |     120 |      0 |       0 |      0 |       0 |
| X3Y0              |      0 |      24 |      0 |   22080 |      0 |    6240 |      0 |      48 |      0 |       0 |      0 |      96 |      0 |       4 |      0 |       1 |
| X0Y1              |      4 |      24 |   4252 |   27840 |     42 |    5760 |      0 |      72 |      0 |       0 |      0 |     120 |      0 |       0 |      0 |       0 |
| X1Y1              |      4 |      24 |   8310 |   25920 |     39 |    6240 |      0 |      48 |      0 |       0 |      6 |     120 |      0 |       0 |      0 |       0 |
| X2Y1              |      1 |      24 |   6408 |   32640 |      0 |    6720 |      0 |      72 |      0 |      16 |     12 |     120 |      0 |       0 |      0 |       0 |
| X3Y1              |      0 |      24 |      0 |   22080 |      0 |    6240 |      0 |      48 |      0 |       0 |      0 |      96 |      0 |       4 |      0 |       0 |
| X0Y2              |      4 |      24 |   4869 |   27840 |     49 |    5760 |      0 |      72 |      0 |       0 |      0 |     120 |      0 |       0 |      0 |       0 |
| X1Y2              |      4 |      24 |  11271 |   25920 |    135 |    6240 |     13 |      48 |      0 |       0 |     91 |     120 |      0 |       0 |      0 |       0 |
| X2Y2              |      1 |      24 |  11186 |   32640 |     13 |    6720 |      0 |      72 |      0 |      16 |     70 |     120 |      0 |       0 |      0 |       0 |
| X3Y2              |      1 |      24 |     48 |   22080 |      0 |    6240 |      0 |      48 |      0 |       0 |      5 |      96 |      0 |       4 |      0 |       0 |
| X0Y3              |      4 |      24 |    435 |   27840 |      1 |    5760 |      0 |      72 |      0 |       0 |      0 |     120 |      0 |       0 |      0 |       0 |
| X1Y3              |      4 |      24 |   6747 |   25920 |     37 |    6240 |      0 |      48 |      0 |       0 |     13 |     120 |      0 |       0 |      0 |       0 |
| X2Y3              |      1 |      24 |   6187 |   32640 |      0 |    6720 |      0 |      72 |      0 |      16 |      8 |     120 |      0 |       0 |      0 |       0 |
| X3Y3              |      0 |      24 |      0 |   22080 |      0 |    6240 |      0 |      48 |      0 |       0 |      0 |      96 |      0 |       4 |      0 |       1 |
+-------------------+--------+---------+--------+---------+--------+---------+--------+---------+--------+---------+--------+---------+--------+---------+--------+---------+
* Global Clock column represents track count; while other columns represents cell counts


6. Clock Regions : Global Clock Summary
---------------------------------------

All Modules
+----+----+----+----+----+
|    | X0 | X1 | X2 | X3 |
+----+----+----+----+----+
| Y3 |  4 |  4 |  1 |  0 |
| Y2 |  4 |  4 |  1 |  1 |
| Y1 |  4 |  4 |  1 |  0 |
| Y0 |  0 |  1 |  1 |  0 |
+----+----+----+----+----+


7. Clock Regions : Routing Resource Utilization
-----------------------------------------------

All Modules
+-------------------+----------------------+----------------------+----------------------+----------------------+
|                   |        HROUTES       |        HDISTRS       |        VROUTES       |        VDISTRS       |
+-------------------+------+-------+-------+------+-------+-------+------+-------+-------+------+-------+-------+
| Clock Region Name | Used | Avail | Util% | Used | Avail | Util% | Used | Avail | Util% | Used | Avail | Util% |
+-------------------+------+-------+-------+------+-------+-------+------+-------+-------+------+-------+-------+
| X0Y0              |    0 |    24 |  0.00 |    0 |    24 |  0.00 |    0 |    24 |  0.00 |    0 |    24 |  0.00 |
| X1Y0              |    0 |    24 |  0.00 |    1 |    24 |  4.17 |    0 |    24 |  0.00 |    1 |    24 |  4.17 |
| X2Y0              |    0 |    24 |  0.00 |    1 |    24 |  4.17 |    0 |    24 |  0.00 |    0 |    24 |  0.00 |
| X3Y0              |    0 |    24 |  0.00 |    0 |    24 |  0.00 |    0 |    24 |  0.00 |    0 |    24 |  0.00 |
| X0Y1              |    0 |    24 |  0.00 |    4 |    24 | 16.67 |    0 |    24 |  0.00 |    3 |    24 | 12.50 |
| X1Y1              |    0 |    24 |  0.00 |    4 |    24 | 16.67 |    1 |    24 |  4.17 |    1 |    24 |  4.17 |
| X2Y1              |    0 |    24 |  0.00 |    1 |    24 |  4.17 |    0 |    24 |  0.00 |    0 |    24 |  0.00 |
| X3Y1              |    0 |    24 |  0.00 |    0 |    24 |  0.00 |    0 |    24 |  0.00 |    0 |    24 |  0.00 |
| X0Y2              |    0 |    24 |  0.00 |    4 |    24 | 16.67 |    0 |    24 |  0.00 |    3 |    24 | 12.50 |
| X1Y2              |    0 |    24 |  0.00 |    4 |    24 | 16.67 |    1 |    24 |  4.17 |    1 |    24 |  4.17 |
| X2Y2              |    0 |    24 |  0.00 |    1 |    24 |  4.17 |    0 |    24 |  0.00 |    0 |    24 |  0.00 |
| X3Y2              |    0 |    24 |  0.00 |    1 |    24 |  4.17 |    0 |    24 |  0.00 |    0 |    24 |  0.00 |
| X0Y3              |    0 |    24 |  0.00 |    4 |    24 | 16.67 |    0 |    24 |  0.00 |    0 |    24 |  0.00 |
| X1Y3              |    1 |    24 |  4.17 |    4 |    24 | 16.67 |    1 |    24 |  4.17 |    0 |    24 |  0.00 |
| X2Y3              |    0 |    24 |  0.00 |    1 |    24 |  4.17 |    0 |    24 |  0.00 |    0 |    24 |  0.00 |
| X3Y3              |    0 |    24 |  0.00 |    0 |    24 |  0.00 |    0 |    24 |  0.00 |    0 |    24 |  0.00 |
+-------------------+------+-------+-------+------+-------+-------+------+-------+-------+------+-------+-------+


8. Device Cell Placement Summary for Global Clock g0
----------------------------------------------------

+-----------+-----------------+-------------------+---------+-------------+---------------+----------+-------------+----------+----------------+----------+-----------------+
| Global Id | Driver Type/Pin | Driver Region (D) | Clock   | Period (ns) | Waveform (ns) | Root (R) | Slice Loads | IO Loads | Clocking Loads | GT Loads | Net             |
+-----------+-----------------+-------------------+---------+-------------+---------------+----------+-------------+----------+----------------+----------+-----------------+
| g0        | BUFGCE/O        | X1Y3              | sys_clk |       8.000 | {0.000 4.000} | X1Y1     |       60298 |        0 |              0 |        0 | clk_IBUF_BUFGCE |
+-----------+-----------------+-------------------+---------+-------------+---------------+----------+-------------+----------+----------------+----------+-----------------+
* Slice Loads column represents load cell count of all cell types other than IO, GT and clock resources
** IO Loads column represents load cell count of IO types
*** Clocking Loads column represents load cell count that are clock resources (global clock buffer, MMCM, PLL, etc)
**** GT Loads column represents load cell count of GT types


+----+-------+-----------+--------+-----+-----------------------+
|    | X0    | X1        | X2     | X3  | HORIZONTAL PROG DELAY |
+----+-------+-----------+--------+-----+-----------------------+
| Y3 |   436 |  (D) 6797 |   6195 |   0 |                     0 |
| Y2 |  4918 |     11505 |  11269 |  53 |                     1 |
| Y1 |  4294 |  (R) 8355 |   6420 |   0 |                     1 |
| Y0 |     0 |         0 |     56 |   0 |                     0 |
+----+-------+-----------+--------+-----+-----------------------+


9. Device Cell Placement Summary for Global Clock g1
----------------------------------------------------

+-----------+-----------------+-------------------+-------+-------------+---------------+----------+-------------+----------+----------------+----------+-----------------------------------+
| Global Id | Driver Type/Pin | Driver Region (D) | Clock | Period (ns) | Waveform (ns) | Root (R) | Slice Loads | IO Loads | Clocking Loads | GT Loads | Net                               |
+-----------+-----------------+-------------------+-------+-------------+---------------+----------+-------------+----------+----------------+----------+-----------------------------------+
| g1        | BUFGCE/O        | X0Y2              |       |             |               | X0Y2     |        3072 |        0 |              0 |        0 | cnn_core_0/inst/layer2_out_U/E[0] |
+-----------+-----------------+-------------------+-------+-------------+---------------+----------+-------------+----------+----------------+----------+-----------------------------------+
* Slice Loads column represents load cell count of all cell types other than IO, GT and clock resources
** IO Loads column represents load cell count of IO types
*** Clocking Loads column represents load cell count that are clock resources (global clock buffer, MMCM, PLL, etc)
**** GT Loads column represents load cell count of GT types


+----+-------------+------+----+----+-----------------------+
|    | X0          | X1   | X2 | X3 | HORIZONTAL PROG DELAY |
+----+-------------+------+----+----+-----------------------+
| Y3 |          84 |  448 |  0 |  0 |                     0 |
| Y2 | (R) (D) 689 |  725 |  0 |  0 |                     0 |
| Y1 |         614 |  512 |  0 |  0 |                     0 |
| Y0 |           0 |    0 |  0 |  0 |                     - |
+----+-------------+------+----+----+-----------------------+


10. Device Cell Placement Summary for Global Clock g2
-----------------------------------------------------

+-----------+-----------------+-------------------+-------+-------------+---------------+----------+-------------+----------+----------------+----------+--------------------------------------------------------------------------------------------------------------------+
| Global Id | Driver Type/Pin | Driver Region (D) | Clock | Period (ns) | Waveform (ns) | Root (R) | Slice Loads | IO Loads | Clocking Loads | GT Loads | Net                                                                                                                |
+-----------+-----------------+-------------------+-------+-------------+---------------+----------+-------------+----------+----------------+----------+--------------------------------------------------------------------------------------------------------------------+
| g2        | BUFGCE/O        | X0Y2              |       |             |               | X0Y2     |        3048 |        0 |              0 |        0 | cnn_core_0/inst/repack_stream_array_ap_fixed_256u_array_ap_fixed_12_6_5_3_0_1u_1024_U0/in_data16_U/ap_block_state2 |
+-----------+-----------------+-------------------+-------+-------------+---------------+----------+-------------+----------+----------------+----------+--------------------------------------------------------------------------------------------------------------------+
* Slice Loads column represents load cell count of all cell types other than IO, GT and clock resources
** IO Loads column represents load cell count of IO types
*** Clocking Loads column represents load cell count that are clock resources (global clock buffer, MMCM, PLL, etc)
**** GT Loads column represents load cell count of GT types


+----+-------------+------+----+----+-----------------------+
|    | X0          | X1   | X2 | X3 | HORIZONTAL PROG DELAY |
+----+-------------+------+----+----+-----------------------+
| Y3 |           0 |  504 |  0 |  0 |                     0 |
| Y2 | (R) (D) 677 |  741 |  0 |  0 |                     0 |
| Y1 |         557 |  569 |  0 |  0 |                     0 |
| Y0 |           0 |    0 |  0 |  0 |                     - |
+----+-------------+------+----+----+-----------------------+


11. Device Cell Placement Summary for Global Clock g3
-----------------------------------------------------

+-----------+-----------------+-------------------+-------+-------------+---------------+----------+-------------+----------+----------------+----------+--------------------------------------------------------------------------------------------+
| Global Id | Driver Type/Pin | Driver Region (D) | Clock | Period (ns) | Waveform (ns) | Root (R) | Slice Loads | IO Loads | Clocking Loads | GT Loads | Net                                                                                        |
+-----------+-----------------+-------------------+-------+-------------+---------------+----------+-------------+----------+----------------+----------+--------------------------------------------------------------------------------------------+
| g3        | BUFGCE/O        | X0Y2              |       |             |               | X0Y2     |        3099 |        0 |              0 |        0 | cnn_core_0/inst/repack_stream_array_ap_fixed_256u_array_ap_fixed_12_6_5_3_0_1u_1024_U0/pop |
+-----------+-----------------+-------------------+-------+-------------+---------------+----------+-------------+----------+----------------+----------+--------------------------------------------------------------------------------------------+
* Slice Loads column represents load cell count of all cell types other than IO, GT and clock resources
** IO Loads column represents load cell count of IO types
*** Clocking Loads column represents load cell count that are clock resources (global clock buffer, MMCM, PLL, etc)
**** GT Loads column represents load cell count of GT types


+----+-------------+------+----+----+-----------------------+
|    | X0          | X1   | X2 | X3 | HORIZONTAL PROG DELAY |
+----+-------------+------+----+----+-----------------------+
| Y3 |          14 |  518 |  0 |  0 |                     0 |
| Y2 | (R) (D) 689 |  739 |  0 |  0 |                     0 |
| Y1 |         597 |  542 |  0 |  0 |                     0 |
| Y0 |           0 |    0 |  0 |  0 |                     - |
+----+-------------+------+----+----+-----------------------+


12. Clock Region Cell Placement per Global Clock: Region X1Y0
-------------------------------------------------------------

+-----------+-------+-----------------+------------+-------------+-----------------+----+-------------+------+------+-----+----+------+-----+---------+-----------------+
| Global Id | Track | Driver Type/Pin | Constraint | Clock Loads | Non-Clock Loads | FF | Memory LUTs | RAMB | URAM | DSP | GT | MMCM | PLL | Hard IP | Net             |
+-----------+-------+-----------------+------------+-------------+-----------------+----+-------------+------+------+-----+----+------+-----+---------+-----------------+
| g0+       | 23    | BUFGCE/O        | None       |           0 |               0 |  0 |           0 |    0 |    0 |   0 |  0 |    0 |   0 |       0 | clk_IBUF_BUFGCE |
+-----------+-------+-----------------+------------+-------------+-----------------+----+-------------+------+------+-----+----+------+-----+---------+-----------------+
* Clock Loads column represents cell count of net connects that connect to a clock pin. Internal cell leaf pins are not considered
** Non-Clock Loads column represents cell count of non-clock pin loads
*** Columns FF, LUTRAM, RAMB through 'Hard IP' represents load cell counts
**** In Global Id column, sympbol '+' indicates that global clock was used only to route through the clock region.


13. Clock Region Cell Placement per Global Clock: Region X2Y0
-------------------------------------------------------------

+-----------+-------+-----------------+------------+-------------+-----------------+----+-------------+------+------+-----+----+------+-----+---------+-----------------+
| Global Id | Track | Driver Type/Pin | Constraint | Clock Loads | Non-Clock Loads | FF | Memory LUTs | RAMB | URAM | DSP | GT | MMCM | PLL | Hard IP | Net             |
+-----------+-------+-----------------+------------+-------------+-----------------+----+-------------+------+------+-----+----+------+-----+---------+-----------------+
| g0        | 23    | BUFGCE/O        | None       |          56 |               0 | 56 |           0 |    0 |    0 |   0 |  0 |    0 |   0 |       0 | clk_IBUF_BUFGCE |
+-----------+-------+-----------------+------------+-------------+-----------------+----+-------------+------+------+-----+----+------+-----+---------+-----------------+
* Clock Loads column represents cell count of net connects that connect to a clock pin. Internal cell leaf pins are not considered
** Non-Clock Loads column represents cell count of non-clock pin loads
*** Columns FF, LUTRAM, RAMB through 'Hard IP' represents load cell counts


14. Clock Region Cell Placement per Global Clock: Region X0Y1
-------------------------------------------------------------

+-----------+-------+-----------------+------------+-------------+-----------------+------+-------------+------+------+-----+----+------+-----+---------+--------------------------------------------------------------------------------------------------------------------+
| Global Id | Track | Driver Type/Pin | Constraint | Clock Loads | Non-Clock Loads | FF   | Memory LUTs | RAMB | URAM | DSP | GT | MMCM | PLL | Hard IP | Net                                                                                                                |
+-----------+-------+-----------------+------------+-------------+-----------------+------+-------------+------+------+-----+----+------+-----+---------+--------------------------------------------------------------------------------------------------------------------+
| g0        | 23    | BUFGCE/O        | None       |        4294 |               0 | 4252 |          42 |    0 |    0 |   0 |  0 |    0 |   0 |       0 | clk_IBUF_BUFGCE                                                                                                    |
| g1        | 8     | BUFGCE/O        | None       |           0 |             614 |  614 |           0 |    0 |    0 |   0 |  0 |    0 |   0 |       0 | cnn_core_0/inst/layer2_out_U/E[0]                                                                                  |
| g2        | 14    | BUFGCE/O        | None       |           0 |             557 |  557 |           0 |    0 |    0 |   0 |  0 |    0 |   0 |       0 | cnn_core_0/inst/repack_stream_array_ap_fixed_256u_array_ap_fixed_12_6_5_3_0_1u_1024_U0/in_data16_U/ap_block_state2 |
| g3        | 2     | BUFGCE/O        | None       |           0 |             597 |  597 |           0 |    0 |    0 |   0 |  0 |    0 |   0 |       0 | cnn_core_0/inst/repack_stream_array_ap_fixed_256u_array_ap_fixed_12_6_5_3_0_1u_1024_U0/pop                         |
+-----------+-------+-----------------+------------+-------------+-----------------+------+-------------+------+------+-----+----+------+-----+---------+--------------------------------------------------------------------------------------------------------------------+
* Clock Loads column represents cell count of net connects that connect to a clock pin. Internal cell leaf pins are not considered
** Non-Clock Loads column represents cell count of non-clock pin loads
*** Columns FF, LUTRAM, RAMB through 'Hard IP' represents load cell counts


15. Clock Region Cell Placement per Global Clock: Region X1Y1
-------------------------------------------------------------

+-----------+-------+-----------------+------------+-------------+-----------------+------+-------------+------+------+-----+----+------+-----+---------+--------------------------------------------------------------------------------------------------------------------+
| Global Id | Track | Driver Type/Pin | Constraint | Clock Loads | Non-Clock Loads | FF   | Memory LUTs | RAMB | URAM | DSP | GT | MMCM | PLL | Hard IP | Net                                                                                                                |
+-----------+-------+-----------------+------------+-------------+-----------------+------+-------------+------+------+-----+----+------+-----+---------+--------------------------------------------------------------------------------------------------------------------+
| g0        | 23    | BUFGCE/O        | None       |        8355 |               0 | 8310 |          39 |    0 |    0 |   6 |  0 |    0 |   0 |       0 | clk_IBUF_BUFGCE                                                                                                    |
| g1        | 8     | BUFGCE/O        | None       |           0 |             512 |  512 |           0 |    0 |    0 |   0 |  0 |    0 |   0 |       0 | cnn_core_0/inst/layer2_out_U/E[0]                                                                                  |
| g2        | 14    | BUFGCE/O        | None       |           0 |             569 |  569 |           0 |    0 |    0 |   0 |  0 |    0 |   0 |       0 | cnn_core_0/inst/repack_stream_array_ap_fixed_256u_array_ap_fixed_12_6_5_3_0_1u_1024_U0/in_data16_U/ap_block_state2 |
| g3        | 2     | BUFGCE/O        | None       |           0 |             542 |  542 |           0 |    0 |    0 |   0 |  0 |    0 |   0 |       0 | cnn_core_0/inst/repack_stream_array_ap_fixed_256u_array_ap_fixed_12_6_5_3_0_1u_1024_U0/pop                         |
+-----------+-------+-----------------+------------+-------------+-----------------+------+-------------+------+------+-----+----+------+-----+---------+--------------------------------------------------------------------------------------------------------------------+
* Clock Loads column represents cell count of net connects that connect to a clock pin. Internal cell leaf pins are not considered
** Non-Clock Loads column represents cell count of non-clock pin loads
*** Columns FF, LUTRAM, RAMB through 'Hard IP' represents load cell counts


16. Clock Region Cell Placement per Global Clock: Region X2Y1
-------------------------------------------------------------

+-----------+-------+-----------------+------------+-------------+-----------------+------+-------------+------+------+-----+----+------+-----+---------+-----------------+
| Global Id | Track | Driver Type/Pin | Constraint | Clock Loads | Non-Clock Loads | FF   | Memory LUTs | RAMB | URAM | DSP | GT | MMCM | PLL | Hard IP | Net             |
+-----------+-------+-----------------+------------+-------------+-----------------+------+-------------+------+------+-----+----+------+-----+---------+-----------------+
| g0        | 23    | BUFGCE/O        | None       |        6420 |               0 | 6408 |           0 |    0 |    0 |  12 |  0 |    0 |   0 |       0 | clk_IBUF_BUFGCE |
+-----------+-------+-----------------+------------+-------------+-----------------+------+-------------+------+------+-----+----+------+-----+---------+-----------------+
* Clock Loads column represents cell count of net connects that connect to a clock pin. Internal cell leaf pins are not considered
** Non-Clock Loads column represents cell count of non-clock pin loads
*** Columns FF, LUTRAM, RAMB through 'Hard IP' represents load cell counts


17. Clock Region Cell Placement per Global Clock: Region X0Y2
-------------------------------------------------------------

+-----------+-------+-----------------+------------+-------------+-----------------+------+-------------+------+------+-----+----+------+-----+---------+--------------------------------------------------------------------------------------------------------------------+
| Global Id | Track | Driver Type/Pin | Constraint | Clock Loads | Non-Clock Loads | FF   | Memory LUTs | RAMB | URAM | DSP | GT | MMCM | PLL | Hard IP | Net                                                                                                                |
+-----------+-------+-----------------+------------+-------------+-----------------+------+-------------+------+------+-----+----+------+-----+---------+--------------------------------------------------------------------------------------------------------------------+
| g0        | 23    | BUFGCE/O        | None       |        4918 |               0 | 4869 |          49 |    0 |    0 |   0 |  0 |    0 |   0 |       0 | clk_IBUF_BUFGCE                                                                                                    |
| g1        | 8     | BUFGCE/O        | None       |           0 |             689 |  689 |           0 |    0 |    0 |   0 |  0 |    0 |   0 |       0 | cnn_core_0/inst/layer2_out_U/E[0]                                                                                  |
| g2        | 14    | BUFGCE/O        | None       |           0 |             677 |  677 |           0 |    0 |    0 |   0 |  0 |    0 |   0 |       0 | cnn_core_0/inst/repack_stream_array_ap_fixed_256u_array_ap_fixed_12_6_5_3_0_1u_1024_U0/in_data16_U/ap_block_state2 |
| g3        | 2     | BUFGCE/O        | None       |           0 |             689 |  689 |           0 |    0 |    0 |   0 |  0 |    0 |   0 |       0 | cnn_core_0/inst/repack_stream_array_ap_fixed_256u_array_ap_fixed_12_6_5_3_0_1u_1024_U0/pop                         |
+-----------+-------+-----------------+------------+-------------+-----------------+------+-------------+------+------+-----+----+------+-----+---------+--------------------------------------------------------------------------------------------------------------------+
* Clock Loads column represents cell count of net connects that connect to a clock pin. Internal cell leaf pins are not considered
** Non-Clock Loads column represents cell count of non-clock pin loads
*** Columns FF, LUTRAM, RAMB through 'Hard IP' represents load cell counts


18. Clock Region Cell Placement per Global Clock: Region X1Y2
-------------------------------------------------------------

+-----------+-------+-----------------+------------+-------------+-----------------+-------+-------------+------+------+-----+----+------+-----+---------+--------------------------------------------------------------------------------------------------------------------+
| Global Id | Track | Driver Type/Pin | Constraint | Clock Loads | Non-Clock Loads | FF    | Memory LUTs | RAMB | URAM | DSP | GT | MMCM | PLL | Hard IP | Net                                                                                                                |
+-----------+-------+-----------------+------------+-------------+-----------------+-------+-------------+------+------+-----+----+------+-----+---------+--------------------------------------------------------------------------------------------------------------------+
| g0        | 23    | BUFGCE/O        | None       |       11505 |               0 | 11271 |         135 |    8 |    0 |  91 |  0 |    0 |   0 |       0 | clk_IBUF_BUFGCE                                                                                                    |
| g1        | 8     | BUFGCE/O        | None       |           0 |             725 |   725 |           0 |    0 |    0 |   0 |  0 |    0 |   0 |       0 | cnn_core_0/inst/layer2_out_U/E[0]                                                                                  |
| g2        | 14    | BUFGCE/O        | None       |           0 |             741 |   741 |           0 |    0 |    0 |   0 |  0 |    0 |   0 |       0 | cnn_core_0/inst/repack_stream_array_ap_fixed_256u_array_ap_fixed_12_6_5_3_0_1u_1024_U0/in_data16_U/ap_block_state2 |
| g3        | 2     | BUFGCE/O        | None       |           0 |             739 |   739 |           0 |    0 |    0 |   0 |  0 |    0 |   0 |       0 | cnn_core_0/inst/repack_stream_array_ap_fixed_256u_array_ap_fixed_12_6_5_3_0_1u_1024_U0/pop                         |
+-----------+-------+-----------------+------------+-------------+-----------------+-------+-------------+------+------+-----+----+------+-----+---------+--------------------------------------------------------------------------------------------------------------------+
* Clock Loads column represents cell count of net connects that connect to a clock pin. Internal cell leaf pins are not considered
** Non-Clock Loads column represents cell count of non-clock pin loads
*** Columns FF, LUTRAM, RAMB through 'Hard IP' represents load cell counts


19. Clock Region Cell Placement per Global Clock: Region X2Y2
-------------------------------------------------------------

+-----------+-------+-----------------+------------+-------------+-----------------+-------+-------------+------+------+-----+----+------+-----+---------+-----------------+
| Global Id | Track | Driver Type/Pin | Constraint | Clock Loads | Non-Clock Loads | FF    | Memory LUTs | RAMB | URAM | DSP | GT | MMCM | PLL | Hard IP | Net             |
+-----------+-------+-----------------+------------+-------------+-----------------+-------+-------------+------+------+-----+----+------+-----+---------+-----------------+
| g0        | 23    | BUFGCE/O        | None       |       11269 |               0 | 11186 |          13 |    0 |    0 |  70 |  0 |    0 |   0 |       0 | clk_IBUF_BUFGCE |
+-----------+-------+-----------------+------------+-------------+-----------------+-------+-------------+------+------+-----+----+------+-----+---------+-----------------+
* Clock Loads column represents cell count of net connects that connect to a clock pin. Internal cell leaf pins are not considered
** Non-Clock Loads column represents cell count of non-clock pin loads
*** Columns FF, LUTRAM, RAMB through 'Hard IP' represents load cell counts


20. Clock Region Cell Placement per Global Clock: Region X3Y2
-------------------------------------------------------------

+-----------+-------+-----------------+------------+-------------+-----------------+----+-------------+------+------+-----+----+------+-----+---------+-----------------+
| Global Id | Track | Driver Type/Pin | Constraint | Clock Loads | Non-Clock Loads | FF | Memory LUTs | RAMB | URAM | DSP | GT | MMCM | PLL | Hard IP | Net             |
+-----------+-------+-----------------+------------+-------------+-----------------+----+-------------+------+------+-----+----+------+-----+---------+-----------------+
| g0        | 23    | BUFGCE/O        | None       |          53 |               0 | 48 |           0 |    0 |    0 |   5 |  0 |    0 |   0 |       0 | clk_IBUF_BUFGCE |
+-----------+-------+-----------------+------------+-------------+-----------------+----+-------------+------+------+-----+----+------+-----+---------+-----------------+
* Clock Loads column represents cell count of net connects that connect to a clock pin. Internal cell leaf pins are not considered
** Non-Clock Loads column represents cell count of non-clock pin loads
*** Columns FF, LUTRAM, RAMB through 'Hard IP' represents load cell counts


21. Clock Region Cell Placement per Global Clock: Region X0Y3
-------------------------------------------------------------

+-----------+-------+-----------------+------------+-------------+-----------------+-----+-------------+------+------+-----+----+------+-----+---------+--------------------------------------------------------------------------------------------------------------------+
| Global Id | Track | Driver Type/Pin | Constraint | Clock Loads | Non-Clock Loads | FF  | Memory LUTs | RAMB | URAM | DSP | GT | MMCM | PLL | Hard IP | Net                                                                                                                |
+-----------+-------+-----------------+------------+-------------+-----------------+-----+-------------+------+------+-----+----+------+-----+---------+--------------------------------------------------------------------------------------------------------------------+
| g0        | 23    | BUFGCE/O        | None       |         436 |               0 | 435 |           1 |    0 |    0 |   0 |  0 |    0 |   0 |       0 | clk_IBUF_BUFGCE                                                                                                    |
| g1        | 8     | BUFGCE/O        | None       |           0 |              84 |  84 |           0 |    0 |    0 |   0 |  0 |    0 |   0 |       0 | cnn_core_0/inst/layer2_out_U/E[0]                                                                                  |
| g2+       | 14    | BUFGCE/O        | None       |           0 |               0 |   0 |           0 |    0 |    0 |   0 |  0 |    0 |   0 |       0 | cnn_core_0/inst/repack_stream_array_ap_fixed_256u_array_ap_fixed_12_6_5_3_0_1u_1024_U0/in_data16_U/ap_block_state2 |
| g3        | 2     | BUFGCE/O        | None       |           0 |              14 |  14 |           0 |    0 |    0 |   0 |  0 |    0 |   0 |       0 | cnn_core_0/inst/repack_stream_array_ap_fixed_256u_array_ap_fixed_12_6_5_3_0_1u_1024_U0/pop                         |
+-----------+-------+-----------------+------------+-------------+-----------------+-----+-------------+------+------+-----+----+------+-----+---------+--------------------------------------------------------------------------------------------------------------------+
* Clock Loads column represents cell count of net connects that connect to a clock pin. Internal cell leaf pins are not considered
** Non-Clock Loads column represents cell count of non-clock pin loads
*** Columns FF, LUTRAM, RAMB through 'Hard IP' represents load cell counts
**** In Global Id column, sympbol '+' indicates that global clock was used only to route through the clock region.


22. Clock Region Cell Placement per Global Clock: Region X1Y3
-------------------------------------------------------------

+-----------+-------+-----------------+------------+-------------+-----------------+------+-------------+------+------+-----+----+------+-----+---------+--------------------------------------------------------------------------------------------------------------------+
| Global Id | Track | Driver Type/Pin | Constraint | Clock Loads | Non-Clock Loads | FF   | Memory LUTs | RAMB | URAM | DSP | GT | MMCM | PLL | Hard IP | Net                                                                                                                |
+-----------+-------+-----------------+------------+-------------+-----------------+------+-------------+------+------+-----+----+------+-----+---------+--------------------------------------------------------------------------------------------------------------------+
| g0        | 23    | BUFGCE/O        | None       |        6797 |               0 | 6747 |          37 |    0 |    0 |  13 |  0 |    0 |   0 |       0 | clk_IBUF_BUFGCE                                                                                                    |
| g1        | 8     | BUFGCE/O        | None       |           0 |             448 |  448 |           0 |    0 |    0 |   0 |  0 |    0 |   0 |       0 | cnn_core_0/inst/layer2_out_U/E[0]                                                                                  |
| g2        | 14    | BUFGCE/O        | None       |           0 |             504 |  504 |           0 |    0 |    0 |   0 |  0 |    0 |   0 |       0 | cnn_core_0/inst/repack_stream_array_ap_fixed_256u_array_ap_fixed_12_6_5_3_0_1u_1024_U0/in_data16_U/ap_block_state2 |
| g3        | 2     | BUFGCE/O        | None       |           0 |             518 |  518 |           0 |    0 |    0 |   0 |  0 |    0 |   0 |       0 | cnn_core_0/inst/repack_stream_array_ap_fixed_256u_array_ap_fixed_12_6_5_3_0_1u_1024_U0/pop                         |
+-----------+-------+-----------------+------------+-------------+-----------------+------+-------------+------+------+-----+----+------+-----+---------+--------------------------------------------------------------------------------------------------------------------+
* Clock Loads column represents cell count of net connects that connect to a clock pin. Internal cell leaf pins are not considered
** Non-Clock Loads column represents cell count of non-clock pin loads
*** Columns FF, LUTRAM, RAMB through 'Hard IP' represents load cell counts


23. Clock Region Cell Placement per Global Clock: Region X2Y3
-------------------------------------------------------------

+-----------+-------+-----------------+------------+-------------+-----------------+------+-------------+------+------+-----+----+------+-----+---------+-----------------+
| Global Id | Track | Driver Type/Pin | Constraint | Clock Loads | Non-Clock Loads | FF   | Memory LUTs | RAMB | URAM | DSP | GT | MMCM | PLL | Hard IP | Net             |
+-----------+-------+-----------------+------------+-------------+-----------------+------+-------------+------+------+-----+----+------+-----+---------+-----------------+
| g0        | 23    | BUFGCE/O        | None       |        6195 |               0 | 6187 |           0 |    0 |    0 |   8 |  0 |    0 |   0 |       0 | clk_IBUF_BUFGCE |
+-----------+-------+-----------------+------------+-------------+-----------------+------+-------------+------+------+-----+----+------+-----+---------+-----------------+
* Clock Loads column represents cell count of net connects that connect to a clock pin. Internal cell leaf pins are not considered
** Non-Clock Loads column represents cell count of non-clock pin loads
*** Columns FF, LUTRAM, RAMB through 'Hard IP' represents load cell counts


